\BOOKMARK [0][-]{chapter*.1}{\376\377\000P\000a\000g\000e\000\040\000o\000f\000\040\000A\000p\000p\000r\000o\000v\000a\000l}{}% 1
\BOOKMARK [0][-]{chapter*.2}{\376\377\000C\000o\000p\000y\000r\000i\000g\000h\000t}{}% 2
\BOOKMARK [0][-]{chapter*.3}{\376\377\000A\000c\000k\000n\000o\000w\000l\000e\000d\000g\000e\000m\000e\000n\000t\000s}{}% 3
\BOOKMARK [0][-]{chapter*.4}{\376\377\000A\000b\000s\000t\000r\000a\000c\000t}{}% 4
\BOOKMARK [0][-]{chapter*.4}{\376\377\000L\000i\000s\000t\000\040\000o\000f\000\040\000F\000i\000g\000u\000r\000e\000s}{}% 5
\BOOKMARK [0][-]{chapter*.4}{\376\377\000L\000i\000s\000t\000\040\000o\000f\000\040\000T\000a\000b\000l\000e\000s}{}% 6
\BOOKMARK [0][-]{chapter*.5}{\376\377\000L\000i\000s\000t\000\040\000o\000f\000\040\000A\000b\000b\000r\000e\000v\000i\000a\000t\000i\000o\000n\000s}{}% 7
\BOOKMARK [0][-]{chapter*.6}{\376\377\000I\000n\000t\000r\000o\000d\000u\000c\000t\000i\000o\000n}{}% 8
\BOOKMARK [1][-]{section*.7}{\376\377\000B\000a\000c\000k\000g\000r\000o\000u\000n\000d}{chapter*.6}% 9
\BOOKMARK [1][-]{section*.8}{\376\377\000P\000r\000o\000b\000l\000e\000m\000\040\000S\000t\000a\000t\000e\000m\000e\000n\000t}{chapter*.6}% 10
\BOOKMARK [1][-]{section*.9}{\376\377\000O\000b\000j\000e\000c\000t\000i\000v\000e\000s}{chapter*.6}% 11
\BOOKMARK [2][-]{subsection*.10}{\376\377\000G\000e\000n\000e\000r\000a\000l\000\040\000O\000b\000j\000e\000c\000t\000i\000v\000e}{section*.9}% 12
\BOOKMARK [2][-]{subsection*.16}{\376\377\000S\000p\000e\000c\000i\000f\000i\000c\000\040\000O\000b\000j\000e\000c\000t\000i\000v\000e\000s}{section*.9}% 13
\BOOKMARK [1][-]{section*.21}{\376\377\000S\000c\000o\000p\000e}{chapter*.6}% 14
\BOOKMARK [0][-]{chapter*.26}{\376\377\000L\000i\000t\000e\000r\000a\000t\000u\000r\000e\000\040\000R\000e\000v\000i\000e\000w}{}% 15
\BOOKMARK [1][-]{section*.27}{\376\377\000R\000e\000l\000a\000t\000e\000d\000\040\000W\000o\000r\000k}{chapter*.26}% 16
\BOOKMARK [1][-]{section*.28}{\376\377\000R\000e\000l\000a\000t\000e\000d\000\040\000T\000h\000e\000o\000r\000y}{chapter*.26}% 17
\BOOKMARK [2][-]{subsection*.29}{\376\377\000S\000t\000y\000l\000o\000m\000e\000t\000r\000i\000c\000\040\000A\000n\000a\000l\000y\000s\000i\000s}{section*.28}% 18
\BOOKMARK [2][-]{subsection*.30}{\376\377\000N\000e\000u\000r\000a\000l\000\040\000N\000e\000t\000w\000o\000r\000k\000s\000\040\000f\000o\000r\000\040\000R\000e\000c\000o\000g\000n\000i\000t\000i\000o\000n\000\040\000\050\000O\000C\000R\000\040\000a\000n\000d\000\040\000H\000T\000R\000\051}{section*.28}% 19
\BOOKMARK [2][-]{subsection*.31}{\376\377\000O\000p\000t\000i\000c\000a\000l\000\040\000C\000h\000a\000r\000a\000c\000t\000e\000r\000\040\000R\000e\000c\000o\000g\000n\000i\000t\000i\000o\000n}{section*.28}% 20
\BOOKMARK [2][-]{subsection*.32}{\376\377\000I\000m\000a\000g\000e\000\040\000P\000r\000e\000p\000r\000o\000c\000e\000s\000s\000i\000n\000g\000\040\000f\000o\000r\000\040\000O\000C\000R}{section*.28}% 21
\BOOKMARK [2][-]{subsection*.33}{\376\377\000H\000a\000n\000d\000w\000r\000i\000t\000t\000e\000n\000\040\000T\000e\000x\000t\000\040\000R\000e\000c\000o\000g\000n\000i\000t\000i\000o\000n}{section*.28}% 22
\BOOKMARK [2][-]{subsection*.34}{\376\377\000T\000e\000x\000t\000\040\000E\000x\000t\000r\000a\000c\000t\000i\000o\000n\000\040\000C\000o\000n\000f\000i\000d\000e\000n\000c\000e\000\040\000a\000n\000d\000\040\000A\000n\000a\000l\000y\000s\000i\000s\000\040\000Q\000u\000a\000l\000i\000t\000y}{section*.28}% 23
\BOOKMARK [2][-]{subsection*.35}{\376\377\000S\000i\000m\000i\000l\000a\000r\000i\000t\000y\000\040\000a\000n\000d\000\040\000D\000o\000c\000u\000m\000e\000n\000t\000\040\000P\000r\000o\000v\000e\000n\000a\000n\000c\000e\000\040\000T\000h\000e\000o\000r\000y}{section*.28}% 24
\BOOKMARK [2][-]{subsection*.36}{\376\377\000M\000a\000t\000h\000e\000m\000a\000t\000i\000c\000a\000l\000\040\000F\000o\000u\000n\000d\000a\000t\000i\000o\000n}{section*.28}% 25
\BOOKMARK [2][-]{subsection*.41}{\376\377\000M\000e\000t\000a\000d\000a\000t\000a\000\040\000F\000o\000r\000e\000n\000s\000i\000c\000\040\000A\000n\000a\000l\000y\000s\000i\000s}{section*.28}% 26
\BOOKMARK [0][-]{chapter*.42}{\376\377\000M\000e\000t\000h\000o\000d\000o\000l\000o\000g\000y}{}% 27
\BOOKMARK [1][-]{section*.43}{\376\377\000T\000i\000m\000e\000\040\000S\000c\000h\000e\000d\000u\000l\000e}{chapter*.42}% 28
\BOOKMARK [1][-]{section*.45}{\376\377\000I\000m\000p\000l\000e\000m\000e\000n\000t\000a\000t\000i\000o\000n\000\040\000d\000e\000t\000a\000i\000l}{chapter*.42}% 29
\BOOKMARK [2][-]{subsection*.46}{\376\377\000F\000r\000o\000n\000t\000e\000n\000d\000\040\000D\000e\000v\000e\000l\000o\000p\000m\000e\000n\000t}{section*.45}% 30
\BOOKMARK [2][-]{subsection*.47}{\376\377\000B\000a\000c\000k\000e\000n\000d\000\040\000D\000e\000v\000e\000l\000o\000p\000m\000e\000n\000t}{section*.45}% 31
\BOOKMARK [2][-]{subsection*.48}{\376\377\000G\000e\000n\000e\000r\000a\000t\000i\000v\000e\000\040\000A\000I\000\040\000T\000e\000x\000t\000\040\000D\000e\000t\000e\000c\000t\000i\000o\000n\000\040\000M\000o\000d\000u\000l\000e}{section*.45}% 32
\BOOKMARK [2][-]{subsection*.49}{\376\377\000O\000C\000R\000\040\000a\000n\000d\000\040\000D\000o\000c\000u\000m\000e\000n\000t\000\040\000E\000x\000t\000r\000a\000c\000t\000i\000o\000n\000\040\000M\000o\000d\000u\000l\000e}{section*.45}% 33
\BOOKMARK [2][-]{subsection*.50}{\376\377\000S\000u\000b\000m\000i\000s\000s\000i\000o\000n\000\040\000S\000i\000m\000i\000l\000a\000r\000i\000t\000y\000\040\000a\000n\000d\000\040\000M\000e\000t\000a\000d\000a\000t\000a\000\040\000F\000o\000r\000e\000n\000s\000i\000c\000s}{section*.45}% 34
\BOOKMARK [2][-]{subsection*.52}{\376\377\000F\000i\000l\000e\000-\000l\000e\000v\000e\000l\000\040\000I\000m\000p\000l\000e\000m\000e\000n\000t\000a\000t\000i\000o\000n\000\040\000S\000t\000r\000u\000c\000t\000u\000r\000e}{section*.45}% 35
\BOOKMARK [2][-]{subsection*.54}{\376\377\000D\000e\000p\000l\000o\000y\000m\000e\000n\000t\000\040\000S\000t\000r\000a\000t\000e\000g\000y}{section*.45}% 36
\BOOKMARK [0][-]{chapter*.57}{\376\377\000S\000y\000s\000t\000e\000m\000\040\000D\000e\000s\000i\000g\000n}{}% 37
\BOOKMARK [1][-]{section*.58}{\376\377\000R\000e\000q\000u\000i\000r\000e\000m\000e\000n\000t\000\040\000A\000n\000a\000l\000y\000s\000i\000s}{chapter*.57}% 38
\BOOKMARK [2][-]{subsection*.59}{\376\377\000F\000u\000n\000c\000t\000i\000o\000n\000a\000l\000\040\000R\000e\000q\000u\000i\000r\000e\000m\000e\000n\000t\000s}{section*.58}% 39
\BOOKMARK [2][-]{subsection*.60}{\376\377\000N\000o\000n\000-\000F\000u\000n\000c\000t\000i\000o\000n\000a\000l\000\040\000R\000e\000q\000u\000i\000r\000e\000m\000e\000n\000t\000s}{section*.58}% 40
\BOOKMARK [1][-]{section*.61}{\376\377\000W\000e\000b\000s\000i\000t\000e\000\040\000D\000e\000v\000e\000l\000o\000p\000m\000e\000n\000t\000\040\000f\000o\000r\000\040\000E\000n\000d\000\040\000U\000s\000e\000r\000s}{chapter*.57}% 41
\BOOKMARK [2][-]{subsection*.62}{\376\377\000S\000y\000s\000t\000e\000m\000\040\000A\000r\000c\000h\000i\000t\000e\000c\000t\000u\000r\000e}{section*.61}% 42
\BOOKMARK [2][-]{subsection*.63}{\376\377\000U\000s\000e\000r\000\040\000A\000u\000t\000h\000e\000n\000t\000i\000c\000a\000t\000i\000o\000n\000\040\000a\000n\000d\000\040\000S\000e\000c\000u\000r\000i\000t\000y}{section*.61}% 43
\BOOKMARK [2][-]{subsection*.64}{\376\377\000F\000u\000n\000c\000t\000i\000o\000n\000a\000l\000\040\000W\000o\000r\000k\000f\000l\000o\000w}{section*.61}% 44
\BOOKMARK [1][-]{section*.69}{\376\377\000P\000r\000o\000p\000o\000s\000e\000d\000\040\000S\000y\000s\000t\000e\000m\000\040\000D\000e\000s\000i\000g\000n}{chapter*.57}% 45
\BOOKMARK [2][-]{subsection*.70}{\376\377\000U\000s\000e\000\040\000C\000a\000s\000e\000\040\000D\000i\000a\000g\000r\000a\000m}{section*.69}% 46
\BOOKMARK [2][-]{subsection*.72}{\376\377\000D\000a\000t\000a\000\040\000F\000l\000o\000w\000\040\000D\000i\000a\000g\000r\000a\000m}{section*.69}% 47
\BOOKMARK [2][-]{subsection*.76}{\376\377\000T\000e\000c\000h\000n\000o\000l\000o\000g\000y\000\040\000s\000t\000a\000c\000k\000\040\000u\000s\000e\000d}{section*.69}% 48
\BOOKMARK [2][-]{subsection*.78}{\376\377\000S\000y\000s\000t\000e\000m\000\040\000F\000l\000o\000w\000c\000h\000a\000r\000t}{section*.69}% 49
\BOOKMARK [2][-]{subsection*.80}{\376\377\000D\000a\000t\000a\000\040\000P\000r\000e\000p\000a\000r\000a\000t\000i\000o\000n\000\040\000a\000n\000d\000\040\000M\000a\000c\000h\000i\000n\000e\000\040\000L\000e\000a\000r\000n\000i\000n\000g\000\040\000W\000o\000r\000k\000f\000l\000o\000w}{section*.69}% 50
\BOOKMARK [0][-]{chapter*.82}{\376\377\000R\000e\000s\000u\000l\000t\000s\000\040\000a\000n\000d\000\040\000D\000i\000s\000c\000u\000s\000s\000i\000o\000n}{}% 51
\BOOKMARK [1][-]{section*.83}{\376\377\000E\000x\000p\000e\000r\000i\000m\000e\000n\000t\000\040\000S\000e\000t\000u\000p}{chapter*.82}% 52
\BOOKMARK [2][-]{subsection*.84}{\376\377\000D\000a\000t\000a\000s\000e\000t\000\040\000a\000n\000d\000\040\000P\000r\000e\000p\000r\000o\000c\000e\000s\000s\000i\000n\000g}{section*.83}% 53
\BOOKMARK [2][-]{subsection*.85}{\376\377\000F\000e\000a\000t\000u\000r\000e\000\040\000E\000x\000t\000r\000a\000c\000t\000i\000o\000n}{section*.83}% 54
\BOOKMARK [1][-]{section*.86}{\376\377\000S\000o\000f\000t\000w\000a\000r\000e\000\040\000D\000e\000v\000e\000l\000o\000p\000m\000e\000n\000t\000\040\000A\000p\000p\000r\000o\000a\000c\000h}{chapter*.82}% 55
\BOOKMARK [2][-]{subsection*.87}{\376\377\000F\000r\000o\000n\000t\000e\000n\000d\000\040\000I\000m\000p\000l\000e\000m\000e\000n\000t\000a\000t\000i\000o\000n}{section*.86}% 56
\BOOKMARK [2][-]{subsection*.88}{\376\377\000B\000a\000c\000k\000e\000n\000d\000\040\000A\000r\000c\000h\000i\000t\000e\000c\000t\000u\000r\000e}{section*.86}% 57
\BOOKMARK [2][-]{subsection*.89}{\376\377\000A\000P\000I\000\040\000D\000e\000v\000e\000l\000o\000p\000m\000e\000n\000t}{section*.86}% 58
\BOOKMARK [1][-]{section*.90}{\376\377\000M\000o\000d\000e\000l\000\040\000D\000e\000p\000l\000o\000y\000m\000e\000n\000t}{chapter*.82}% 59
\BOOKMARK [2][-]{subsection*.91}{\376\377\000A\000I\000\040\000T\000e\000x\000t\000\040\000D\000e\000t\000e\000c\000t\000i\000o\000n\000\040\000M\000o\000d\000e\000l}{section*.90}% 60
\BOOKMARK [2][-]{subsection*.92}{\376\377\000O\000p\000t\000i\000c\000a\000l\000\040\000C\000h\000a\000r\000a\000c\000t\000e\000r\000\040\000R\000e\000c\000o\000g\000n\000i\000t\000i\000o\000n\000\040\000I\000n\000t\000e\000g\000r\000a\000t\000i\000o\000n}{section*.90}% 61
\BOOKMARK [2][-]{subsection*.93}{\376\377\000P\000l\000a\000g\000i\000a\000r\000i\000s\000m\000\040\000V\000e\000r\000i\000f\000i\000c\000a\000t\000i\000o\000n\000\040\000P\000i\000p\000e\000l\000i\000n\000e}{section*.90}% 62
\BOOKMARK [1][-]{section*.94}{\376\377\000T\000e\000s\000t\000i\000n\000g\000\040\000a\000n\000d\000\040\000E\000v\000a\000l\000u\000a\000t\000i\000o\000n}{chapter*.82}% 63
\BOOKMARK [2][-]{subsection*.95}{\376\377\000B\000a\000c\000k\000e\000n\000d\000\040\000T\000e\000s\000t\000\040\000C\000o\000v\000e\000r\000a\000g\000e}{section*.94}% 64
\BOOKMARK [2][-]{subsection*.96}{\376\377\000O\000C\000R\000\040\000E\000x\000t\000r\000a\000c\000t\000i\000o\000n\000\040\000R\000e\000s\000u\000l\000t\000s}{section*.94}% 65
\BOOKMARK [2][-]{subsection*.97}{\376\377\000S\000y\000s\000t\000e\000m\000\040\000I\000n\000t\000e\000g\000r\000a\000t\000i\000o\000n\000\040\000R\000e\000s\000u\000l\000t\000s}{section*.94}% 66
\BOOKMARK [2][-]{subsection*.98}{\376\377\000E\000v\000i\000d\000e\000n\000c\000e\000\040\000P\000r\000e\000s\000e\000n\000t\000a\000t\000i\000o\000n\000\040\000R\000e\000s\000u\000l\000t\000s}{section*.94}% 67
\BOOKMARK [0][-]{chapter*.99}{\376\377\000C\000o\000n\000c\000l\000u\000s\000i\000o\000n}{}% 68
\BOOKMARK [0][-]{chapter*.100}{\376\377\000L\000i\000m\000i\000t\000a\000t\000i\000o\000n\000s\000\040\000a\000n\000d\000\040\000F\000u\000t\000u\000r\000e\000\040\000E\000n\000h\000a\000n\000c\000e\000m\000e\000n\000t\000s}{}% 69
\BOOKMARK [1][-]{section*.101}{\376\377\000L\000i\000m\000i\000t\000a\000t\000i\000o\000n\000s}{chapter*.100}% 70
\BOOKMARK [1][-]{section*.102}{\376\377\000F\000u\000t\000u\000r\000e\000\040\000E\000n\000h\000a\000n\000c\000e\000m\000e\000n\000t\000s}{chapter*.100}% 71
\BOOKMARK [0][-]{chapter*.103}{\376\377\000A\000p\000p\000e\000n\000d\000i\000c\000e\000s}{}% 72
\BOOKMARK [0][-]{chapter*.103}{\376\377\000R\000e\000f\000e\000r\000e\000n\000c\000e\000s}{}% 73
